// Vitest Snapshot v1, https://vitest.dev/guide/snapshot.html

exports[`sim sanity checks > same seed + same action sequence yields same summary snapshot 1`] = `
{
  "countries": [
    {
      "debtToGdp": 86.818,
      "equityIndex": 136.7861,
      "fxRate": 0.24176,
      "growth": -0.4996,
      "id": "br",
      "inflation": 4.3441,
      "interestRate": 8.5055,
      "sentiment": 30.6822,
      "stability": 62.591,
    },
    {
      "debtToGdp": 77.2372,
      "equityIndex": 206.0758,
      "fxRate": 0.154702,
      "growth": 3.9819,
      "id": "cn",
      "inflation": 1.5586,
      "interestRate": 3.0869,
      "sentiment": 32.7296,
      "stability": 73.2606,
    },
    {
      "debtToGdp": 93.4846,
      "equityIndex": 196.0727,
      "fxRate": 1.224249,
      "growth": 0.7003,
      "id": "eu",
      "inflation": 4.2981,
      "interestRate": 4.3496,
      "sentiment": 50.906,
      "stability": 81.7588,
    },
    {
      "debtToGdp": 261.4695,
      "equityIndex": 180.4061,
      "fxRate": 0.007564,
      "growth": 1.2564,
      "id": "jp",
      "inflation": 3.401,
      "interestRate": 2.6646,
      "sentiment": 24.4598,
      "stability": 87.8963,
    },
    {
      "debtToGdp": 128.1729,
      "equityIndex": 247.9817,
      "fxRate": 1.149002,
      "growth": 0.795,
      "id": "us",
      "inflation": 3.2573,
      "interestRate": 4.8214,
      "sentiment": 52.8914,
      "stability": 86.5532,
    },
  ],
  "outcome": "ongoing",
  "portfolio": {
    "allocations": [
      {
        "asset": "equities",
        "countryId": "br",
        "weight": 0.04,
      },
      {
        "asset": "fx_short",
        "countryId": "br",
        "weight": 0.05,
      },
      {
        "asset": "equities",
        "countryId": "cn",
        "weight": 0.04,
      },
      {
        "asset": "equities",
        "countryId": "eu",
        "weight": 0.02,
      },
      {
        "asset": "irs",
        "countryId": "eu",
        "weight": 0.02,
      },
      {
        "asset": "gold",
        "countryId": "jp",
        "weight": 0.04,
      },
      {
        "asset": "gold",
        "countryId": "us",
        "weight": 0.06,
      },
      {
        "asset": "irs",
        "countryId": "us",
        "weight": 0.02,
      },
    ],
    "aum": 105.4189,
    "cashAvailable": 65.8135,
    "cashLocked": 5.7296,
    "cashTotal": 71.543,
    "leverage": 1.25,
    "liquidity": 78,
    "riskScore": 10,
  },
  "quarter": 1,
  "reputation": 90,
  "score": 146,
  "seed": -404991309,
  "turn": 12,
  "year": 2028,
}
`;
